C51 COMPILER V9.01   MAIN                                                                  03/18/2020 11:29:14 PAGE 1   


C51 COMPILER V9.01, COMPILATION OF MODULE MAIN
OBJECT MODULE PLACED IN main.OBJ
COMPILER INVOKED BY: C:\Keil\C51\BIN\C51.EXE main.c BROWSE DEBUG OBJECTEXTEND TABS(2)

line level    source

   1          #include "main.h"
   2          #include "../my_lib/delay.h"
   3          
   4          
   5          #define led P2
   6          
   7          sbit btn = P1^0;
   8          bit doiTT = 0;
   9          
  10          unsigned char delay500msVaQuetPhim(){
  11   1        unsigned char i;
  12   1        for(i=0;i<50;i++)
  13   1        {
  14   2          delay_ms(10);
  15   2          if(btn==0)   {
  16   3            if (doiTT==0)
  17   3            {
  18   4              doiTT=1;
  19   4              return 1;
  20   4            }
  21   3      
  22   3          }
  23   2          else
  24   2          {
  25   3            doiTT=0;
  26   3          }
  27   2        }
  28   1        return 0;
  29   1      }
  30          
  31          void main()
  32          {
  33   1        unsigned char i;
  34   1        while(1)
  35   1        {
  36   2          led = 0x00;
  37   2          for(i=0;i<20;i++)
  38   2          {
  39   3            if(delay500msVaQuetPhim()) break;
  40   3            led=~led;
  41   3      
  42   3          }
  43   2      
  44   2          led = 0x55;
  45   2          for(i=0;i<20;i++)
  46   2          {
  47   3            if(delay500msVaQuetPhim()) break;
  48   3            led=~led;
  49   3      
  50   3          }
  51   2      
  52   2          led = 0xf0;
  53   2          for(i=0;i<20;i++)
  54   2          {
  55   3            if(delay500msVaQuetPhim()) break;
C51 COMPILER V9.01   MAIN                                                                  03/18/2020 11:29:14 PAGE 2   

  56   3            led=~led;
  57   3      
  58   3          }
  59   2        }
  60   1      }


MODULE INFORMATION:   STATIC OVERLAYABLE
   CODE SIZE        =    108    ----
   CONSTANT SIZE    =   ----    ----
   XDATA SIZE       =   ----    ----
   PDATA SIZE       =   ----    ----
   DATA SIZE        =   ----       2
   IDATA SIZE       =   ----    ----
   BIT SIZE         =      1    ----
END OF MODULE INFORMATION.


C51 COMPILATION COMPLETE.  0 WARNING(S),  0 ERROR(S)
