C51 COMPILER V9.01   MAIN                                                                  03/26/2020 22:02:06 PAGE 1   


C51 COMPILER V9.01, COMPILATION OF MODULE MAIN
OBJECT MODULE PLACED IN main.OBJ
COMPILER INVOKED BY: C:\Keil\C51\BIN\C51.EXE main.c BROWSE DEBUG OBJECTEXTEND TABS(2)

line level    source

   1          #include "main.h"
   2          #include "../my_lib/Delay.h"
   3          #include"..\my_lib\Soft_I2c.h"
   4          #include"..\my_lib\Lcd4.h"
   5          #include"..\my_lib\Rtc_Ds1307.h"
   6          #include"..\my_lib\LunarCalendar.h"
   7          #include"port.h"
   8          
   9          
  10          unsigned char * code Days[] = {"CN","T2","T3","T4","T5","T6","T7"};
  11          
  12          void main()
  13          {
  14   1        unsigned char Hour, Minute, Second, Mode=12, Day, Date, Month, Year;
  15   1        unsigned char SolarDate, SolarMonth;
  16   1        char SolarYear;
  17   1      
  18   1        Soft_I2c_Init();
  19   1        Ds1307_Init();
  20   1        Lcd_Init();
  21   1        Ds1307_Write(0x07,0x10);
  22   1      
  23   1        IT1 = 1;     //Ngat canh xuong
  24   1        EX1 = 1;    //Ngat INT1
  25   1        EA = 1;     //Cho phep ngat toan cuc
  26   1      
  27   1      
  28   1        while(1)
  29   1        {
  30   2          Ds1307_Read_Time(&Hour, &Minute, &Second, &Mode);
  31   2          Lcd_Chr(1,5,Hour/10+0x30);
  32   2          Lcd_Chr_Cp(Hour%10+0x30);
  33   2          Lcd_Chr_Cp(':');
  34   2          Lcd_Chr_Cp(Minute/10+0x30);
  35   2          Lcd_Chr_Cp(Minute%10+0x30);
  36   2          Lcd_Chr_Cp(':');
  37   2          Lcd_Chr_Cp(Second/10+0x30);
  38   2          Lcd_Chr_Cp(Second%10+0x30);
  39   2      
  40   2      
  41   2          Ds1307_Read_Date(&Day, &Date, &Month, &Year);
  42   2          if(BTN == 1)
  43   2          {
  44   3      
  45   3            Lcd_Out(2,1,"                ");
  46   3            Lcd_Out(2,2,Days[Day-1]);
  47   3            Lcd_Chr_Cp(' ');
  48   3            Lcd_Chr_Cp(Date/10+0x30);
  49   3            Lcd_Chr_Cp(Date%10+0x30);
  50   3            Lcd_Chr_Cp('/');
  51   3            Lcd_Chr_Cp(Month/10+0x30);
  52   3            Lcd_Chr_Cp(Month%10+0x30);
  53   3            Lcd_Out_Cp("/20");
  54   3            Lcd_Chr_Cp(Year/10+0x30);
  55   3            Lcd_Chr_Cp(Year%10+0x30);
C51 COMPILER V9.01   MAIN                                                                  03/26/2020 22:02:06 PAGE 2   

  56   3          }
  57   2          else
  58   2          {
  59   3            Solar2Lunar(Date, Month, Year, &SolarDate, &SolarMonth, & SolarYear);     
  60   3            Lcd_Out(2,1,"AL: ");
  61   3            Lcd_Chr_Cp(SolarDate/10+0x30);
  62   3            Lcd_Chr_Cp(SolarDate%10+0x30);
  63   3            Lcd_Chr_Cp('/');
  64   3            Lcd_Chr_Cp(SolarMonth/10+0x30);
  65   3            Lcd_Chr_Cp(SolarMonth%10+0x30);
  66   3            Lcd_Chr_Cp('/');
  67   3            Lcd_Chr_Cp((Year+2000)/1000+0x30);
  68   3            Lcd_Chr_Cp((Year+2000)/100%10+0x30);
  69   3            Lcd_Chr_Cp((Year+2000)/10%10+0x30);
  70   3            Lcd_Chr_Cp((Year+2000)%10+0x30);
  71   3          }
  72   2          PCON|=0x01;    //vdk vao trang thai nghi
  73   2        }
  74   1      
  75   1      }
  76          
  77          // ISR : interrupt service routine
  78          void EX1_ISR(void) interrupt 2{
  79   1      }


MODULE INFORMATION:   STATIC OVERLAYABLE
   CODE SIZE        =    559    ----
   CONSTANT SIZE    =     68    ----
   XDATA SIZE       =   ----    ----
   PDATA SIZE       =   ----    ----
   DATA SIZE        =   ----      11
   IDATA SIZE       =   ----    ----
   BIT SIZE         =   ----    ----
END OF MODULE INFORMATION.


C51 COMPILATION COMPLETE.  0 WARNING(S),  0 ERROR(S)
