C51 COMPILER V9.01   MAIN                                                                  03/30/2020 10:53:22 PAGE 1   


C51 COMPILER V9.01, COMPILATION OF MODULE MAIN
OBJECT MODULE PLACED IN main.OBJ
COMPILER INVOKED BY: C:\Keil\C51\BIN\C51.EXE main.c BROWSE DEBUG OBJECTEXTEND TABS(2)

line level    source

   1          #include"main.h"
   2          #include"..\my_lib\Lcd4.h"
   3          
   4          void main()
   5          {
   6   1        unsigned int t, f;
   7   1      
   8   1        Lcd_Init();
   9   1        Lcd_Out(1,1,"T = ");
  10   1        Lcd_Out(2,1,"f = ");
  11   1      
  12   1        TMOD &= 0xF0;
  13   1        TMOD |= 0x09;   // Gate = 1, M0 = 1;
  14   1      
  15   1        while(1)
  16   1        {
  17   2          TH0 = 0;
  18   2          TL0 = 0;
  19   2          
  20   2          while(INT0);  // Bo qua muc 1 dau tien
  21   2          while(!INT0);   // Bo qua muc 0
  22   2          TR0 = 1;
  23   2          while(INT0);
  24   2          TR0 = 0;
  25   2      
  26   2          t = TH0;
  27   2          t <<= 8;
  28   2          t |= TL0;
  29   2      
  30   2          t*=2;
  31   2      
  32   2          Lcd_Chr(1,5,t/10000+0x30);
  33   2          Lcd_Chr_Cp(t%10000/1000+0x30);
  34   2          Lcd_Chr_Cp(t%1000/100+0x30);
  35   2          Lcd_Chr_Cp(t%100/10+0x30);
  36   2          Lcd_Chr_Cp(t%10+0x30);
  37   2      
  38   2          f = 1000000/t;
  39   2          Lcd_Chr(2,5,f/10000+0x30);
  40   2          Lcd_Chr_Cp(f%10000/1000+0x30);
  41   2          Lcd_Chr_Cp(f%1000/100+0x30);
  42   2          Lcd_Chr_Cp(f%100/10+0x30);
  43   2          Lcd_Chr_Cp(f%10+0x30);  
  44   2        }
  45   1      }


MODULE INFORMATION:   STATIC OVERLAYABLE
   CODE SIZE        =    372    ----
   CONSTANT SIZE    =     10    ----
   XDATA SIZE       =   ----    ----
   PDATA SIZE       =   ----    ----
   DATA SIZE        =   ----       4
   IDATA SIZE       =   ----    ----
   BIT SIZE         =   ----    ----
C51 COMPILER V9.01   MAIN                                                                  03/30/2020 10:53:22 PAGE 2   

END OF MODULE INFORMATION.


C51 COMPILATION COMPLETE.  0 WARNING(S),  0 ERROR(S)
